This is XeTeX, Version 3.141592653-2.6-0.999997 (TeX Live 2025) (preloaded format=xelatex 2025.8.7)  28 APR 2026 16:12
entering extended mode
 restricted \write18 enabled.
 file:line:error style messages enabled.
 %&-line parsing enabled.
**/data1/hxw-b25/MA-RFM/MA_RFM_clean_version/main
(/data1/hxw-b25/MA-RFM/MA_RFM_clean_version/main.tex
LaTeX2e <2024-11-01> patch level 2
L3 programming layer <2025-01-18>
(/usr/local/texlive/2025/texmf-dist/tex/latex/base/article.cls
Document Class: article 2024/06/29 v1.4n Standard LaTeX document class
(/usr/local/texlive/2025/texmf-dist/tex/latex/base/size10.clo
File: size10.clo 2024/06/29 v1.4n Standard LaTeX file (size option)
)
\c@part=\count192
\c@section=\count193
\c@subsection=\count194
\c@subsubsection=\count195
\c@paragraph=\count196
\c@subparagraph=\count197
\c@figure=\count198
\c@table=\count199
\abovecaptionskip=\skip49
\belowcaptionskip=\skip50
\bibindent=\dimen141
) (/usr/local/texlive/2025/texmf-dist/tex/latex/geometry/geometry.sty
Package: geometry 2020/01/02 v5.9 Page Geometry
 (/usr/local/texlive/2025/texmf-dist/tex/latex/graphics/keyval.sty
Package: keyval 2022/05/29 v1.15 key=value parser (DPC)
\KV@toks@=\toks17
) (/usr/local/texlive/2025/texmf-dist/tex/generic/iftex/ifvtex.sty
Package: ifvtex 2019/10/25 v1.7 ifvtex legacy package. Use iftex instead.
 (/usr/local/texlive/2025/texmf-dist/tex/generic/iftex/iftex.sty
Package: iftex 2024/12/12 v1.0g TeX engine tests
))
\Gm@cnth=\count266
\Gm@cntv=\count267
\c@Gm@tempcnt=\count268
\Gm@bindingoffset=\dimen142
\Gm@wd@mp=\dimen143
\Gm@odd@mp=\dimen144
\Gm@even@mp=\dimen145
\Gm@layoutwidth=\dimen146
\Gm@layoutheight=\dimen147
\Gm@layouthoffset=\dimen148
\Gm@layoutvoffset=\dimen149
\Gm@dimlist=\toks18
) (/usr/local/texlive/2025/texmf-dist/tex/latex/graphics/graphicx.sty
Package: graphicx 2021/09/16 v1.2d Enhanced LaTeX Graphics (DPC,SPQR)
 (/usr/local/texlive/2025/texmf-dist/tex/latex/graphics/graphics.sty
Package: graphics 2024/08/06 v1.4g Standard LaTeX Graphics (DPC,SPQR)
 (/usr/local/texlive/2025/texmf-dist/tex/latex/graphics/trig.sty
Package: trig 2023/12/02 v1.11 sin cos tan (DPC)
) (/usr/local/texlive/2025/texmf-dist/tex/latex/graphics-cfg/graphics.cfg
File: graphics.cfg 2016/06/04 v1.11 sample graphics configuration
)
Package graphics Info: Driver file: xetex.def on input line 106.
 (/usr/local/texlive/2025/texmf-dist/tex/latex/graphics-def/xetex.def
File: xetex.def 2022/09/22 v5.0n Graphics/color driver for xetex
))
\Gin@req@height=\dimen150
\Gin@req@width=\dimen151
) (/usr/local/texlive/2025/texmf-dist/tex/latex/cite/cite.sty
LaTeX Info: Redefining \cite on input line 302.
LaTeX Info: Redefining \nocite on input line 332.
Package: cite 2015/02/27  v 5.5
) (/usr/local/texlive/2025/texmf-dist/tex/latex/graphics/epsfig.sty
Package: epsfig 2024/01/14 v1.7b (e)psfig emulation (SPQR)
\epsfxsize=\dimen152
\epsfysize=\dimen153
) (/usr/local/texlive/2025/texmf-dist/tex/latex/amsmath/amsmath.sty
Package: amsmath 2024/11/05 v2.17t AMS math features
\@mathmargin=\skip51

For additional information on amsmath, use the `?' option.
(/usr/local/texlive/2025/texmf-dist/tex/latex/amsmath/amstext.sty
Package: amstext 2021/08/26 v2.01 AMS text
 (/usr/local/texlive/2025/texmf-dist/tex/latex/amsmath/amsgen.sty
File: amsgen.sty 1999/11/30 v2.0 generic functions
\@emptytoks=\toks19
\ex@=\dimen154
)) (/usr/local/texlive/2025/texmf-dist/tex/latex/amsmath/amsbsy.sty
Package: amsbsy 1999/11/29 v1.2d Bold Symbols
\pmbraise@=\dimen155
) (/usr/local/texlive/2025/texmf-dist/tex/latex/amsmath/amsopn.sty
Package: amsopn 2022/04/08 v2.04 operator names
)
\inf@bad=\count269
LaTeX Info: Redefining \frac on input line 233.
\uproot@=\count270
\leftroot@=\count271
LaTeX Info: Redefining \overline on input line 398.
LaTeX Info: Redefining \colon on input line 409.
\classnum@=\count272
\DOTSCASE@=\count273
LaTeX Info: Redefining \ldots on input line 495.
LaTeX Info: Redefining \dots on input line 498.
LaTeX Info: Redefining \cdots on input line 619.
\Mathstrutbox@=\box52
\strutbox@=\box53
LaTeX Info: Redefining \big on input line 721.
LaTeX Info: Redefining \Big on input line 722.
LaTeX Info: Redefining \bigg on input line 723.
LaTeX Info: Redefining \Bigg on input line 724.
\big@size=\dimen156
LaTeX Font Info:    Redeclaring font encoding OML on input line 742.
LaTeX Font Info:    Redeclaring font encoding OMS on input line 743.
\macc@depth=\count274
LaTeX Info: Redefining \bmod on input line 904.
LaTeX Info: Redefining \pmod on input line 909.
LaTeX Info: Redefining \smash on input line 939.
LaTeX Info: Redefining \relbar on input line 969.
LaTeX Info: Redefining \Relbar on input line 970.
\c@MaxMatrixCols=\count275
\dotsspace@=\muskip17
\c@parentequation=\count276
\dspbrk@lvl=\count277
\tag@help=\toks20
\row@=\count278
\column@=\count279
\maxfields@=\count280
\andhelp@=\toks21
\eqnshift@=\dimen157
\alignsep@=\dimen158
\tagshift@=\dimen159
\tagwidth@=\dimen160
\totwidth@=\dimen161
\lineht@=\dimen162
\@envbody=\toks22
\multlinegap=\skip52
\multlinetaggap=\skip53
\mathdisplay@stack=\toks23
LaTeX Info: Redefining \[ on input line 2953.
LaTeX Info: Redefining \] on input line 2954.
) (/usr/local/texlive/2025/texmf-dist/tex/latex/amscls/amsthm.sty
Package: amsthm 2020/05/29 v2.20.6
\thm@style=\toks24
\thm@bodyfont=\toks25
\thm@headfont=\toks26
\thm@notefont=\toks27
\thm@headpunct=\toks28
\thm@preskip=\skip54
\thm@postskip=\skip55
\thm@headsep=\skip56
\dth@everypar=\toks29
) (/usr/local/texlive/2025/texmf-dist/tex/latex/amsfonts/amssymb.sty
Package: amssymb 2013/01/14 v3.01 AMS font symbols
 (/usr/local/texlive/2025/texmf-dist/tex/latex/amsfonts/amsfonts.sty
Package: amsfonts 2013/01/14 v3.01 Basic AMSFonts support
\symAMSa=\mathgroup4
\symAMSb=\mathgroup5
LaTeX Font Info:    Redeclaring math symbol \hbar on input line 98.
LaTeX Font Info:    Overwriting math alphabet `\mathfrak' in version `bold'
(Font)                  U/euf/m/n --> U/euf/b/n on input line 106.
)) (/usr/local/texlive/2025/texmf-dist/tex/latex/jknapltx/mathrsfs.sty
Package: mathrsfs 1996/01/01 Math RSFS package v1.0 (jk)
\symrsfs=\mathgroup6
) (/usr/local/texlive/2025/texmf-dist/tex/latex/float/float.sty
Package: float 2001/11/08 v1.3d Float enhancements (AL)
\c@float@type=\count281
\float@exts=\toks30
\float@box=\box54
\@float@everytoks=\toks31
\@floatcapt=\box55
) (/usr/local/texlive/2025/texmf-dist/tex/latex/multirow/multirow.sty
Package: multirow 2024/11/12 v2.9 Span multiple rows of a table
\multirow@colwidth=\skip57
\multirow@cntb=\count282
\multirow@dima=\skip58
\bigstrutjot=\dimen163
) (/usr/local/texlive/2025/texmf-dist/tex/latex/tools/verbatim.sty
Package: verbatim 2024-01-22 v1.5x LaTeX2e package for verbatim enhancements
\every@verbatim=\toks32
\verbatim@line=\toks33
\verbatim@in@stream=\read2
) (/usr/local/texlive/2025/texmf-dist/tex/latex/fancyhdr/fancyhdr.sty
Package: fancyhdr 2025/02/07 v5.2 Extensive control of page headers and footers
\f@nch@headwidth=\skip59
\f@nch@offset@elh=\skip60
\f@nch@offset@erh=\skip61
\f@nch@offset@olh=\skip62
\f@nch@offset@orh=\skip63
\f@nch@offset@elf=\skip64
\f@nch@offset@erf=\skip65
\f@nch@offset@olf=\skip66
\f@nch@offset@orf=\skip67
\f@nch@height=\skip68
\f@nch@footalignment=\skip69
\f@nch@widthL=\skip70
\f@nch@widthC=\skip71
\f@nch@widthR=\skip72
\@temptokenb=\toks34
) (/usr/local/texlive/2025/texmf-dist/tex/latex/caption/subcaption.sty
Package: subcaption 2023/07/28 v1.6b Sub-captions (AR)
 (/usr/local/texlive/2025/texmf-dist/tex/latex/caption/caption.sty
Package: caption 2023/08/05 v3.6o Customizing captions (AR)
 (/usr/local/texlive/2025/texmf-dist/tex/latex/caption/caption3.sty
Package: caption3 2023/07/31 v2.4d caption3 kernel (AR)
\caption@tempdima=\dimen164
\captionmargin=\dimen165
\caption@leftmargin=\dimen166
\caption@rightmargin=\dimen167
\caption@width=\dimen168
\caption@indent=\dimen169
\caption@parindent=\dimen170
\caption@hangindent=\dimen171
Package caption Info: Standard document class detected.
)
\c@caption@flags=\count283
\c@continuedfloat=\count284
Package caption Info: float package is loaded.
)
Package caption Info: New subtype `subfigure' on input line 238.
\c@subfigure=\count285
Package caption Info: New subtype `subtable' on input line 238.
\c@subtable=\count286
) (/usr/local/texlive/2025/texmf-dist/tex/latex/hyperref/hyperref.sty
Package: hyperref 2024-11-05 v7.01l Hypertext links for LaTeX
 (/usr/local/texlive/2025/texmf-dist/tex/latex/kvsetkeys/kvsetkeys.sty
Package: kvsetkeys 2022-10-05 v1.19 Key value parser (HO)
) (/usr/local/texlive/2025/texmf-dist/tex/generic/kvdefinekeys/kvdefinekeys.sty
Package: kvdefinekeys 2019-12-19 v1.6 Define keys (HO)
) (/usr/local/texlive/2025/texmf-dist/tex/generic/pdfescape/pdfescape.sty
Package: pdfescape 2019/12/09 v1.15 Implements pdfTeX's escape features (HO)
 (/usr/local/texlive/2025/texmf-dist/tex/generic/ltxcmds/ltxcmds.sty
Package: ltxcmds 2023-12-04 v1.26 LaTeX kernel commands for general use (HO)
) (/usr/local/texlive/2025/texmf-dist/tex/generic/pdftexcmds/pdftexcmds.sty
Package: pdftexcmds 2020-06-27 v0.33 Utility functions of pdfTeX for LuaTeX (HO)
 (/usr/local/texlive/2025/texmf-dist/tex/generic/infwarerr/infwarerr.sty
Package: infwarerr 2019/12/03 v1.5 Providing info/warning/error messages (HO)
)
Package pdftexcmds Info: \pdf@primitive is available.
Package pdftexcmds Info: \pdf@ifprimitive is available.
Package pdftexcmds Info: \pdfdraftmode not found.
)) (/usr/local/texlive/2025/texmf-dist/tex/latex/hycolor/hycolor.sty
Package: hycolor 2020-01-27 v1.10 Color options for hyperref/bookmark (HO)
) (/usr/local/texlive/2025/texmf-dist/tex/latex/hyperref/nameref.sty
Package: nameref 2023-11-26 v2.56 Cross-referencing by name of section
 (/usr/local/texlive/2025/texmf-dist/tex/latex/refcount/refcount.sty
Package: refcount 2019/12/15 v3.6 Data extraction from label references (HO)
) (/usr/local/texlive/2025/texmf-dist/tex/generic/gettitlestring/gettitlestring.sty
Package: gettitlestring 2019/12/15 v1.6 Cleanup title references (HO)
 (/usr/local/texlive/2025/texmf-dist/tex/latex/kvoptions/kvoptions.sty
Package: kvoptions 2022-06-15 v3.15 Key value format for package options (HO)
))
\c@section@level=\count287
) (/usr/local/texlive/2025/texmf-dist/tex/latex/etoolbox/etoolbox.sty
Package: etoolbox 2025/02/11 v2.5l e-TeX tools for LaTeX (JAW)
\etb@tempcnta=\count288
) (/usr/local/texlive/2025/texmf-dist/tex/generic/stringenc/stringenc.sty
Package: stringenc 2019/11/29 v1.12 Convert strings between diff. encodings (HO)
)
\@linkdim=\dimen172
\Hy@linkcounter=\count289
\Hy@pagecounter=\count290
 (/usr/local/texlive/2025/texmf-dist/tex/latex/hyperref/pd1enc.def
File: pd1enc.def 2024-11-05 v7.01l Hyperref: PDFDocEncoding definition (HO)
) (/usr/local/texlive/2025/texmf-dist/tex/generic/intcalc/intcalc.sty
Package: intcalc 2019/12/15 v1.3 Expandable calculations with integers (HO)
)
\Hy@SavedSpaceFactor=\count291
 (/usr/local/texlive/2025/texmf-dist/tex/latex/hyperref/puenc.def
File: puenc.def 2024-11-05 v7.01l Hyperref: PDF Unicode definition (HO)
)
Package hyperref Info: Hyper figures OFF on input line 4157.
Package hyperref Info: Link nesting OFF on input line 4162.
Package hyperref Info: Hyper index ON on input line 4165.
Package hyperref Info: Plain pages OFF on input line 4172.
Package hyperref Info: Backreferencing OFF on input line 4177.
Package hyperref Info: Implicit mode ON; LaTeX internals redefined.
Package hyperref Info: Bookmarks ON on input line 4424.
\c@Hy@tempcnt=\count292
 (/usr/local/texlive/2025/texmf-dist/tex/latex/url/url.sty
\Urlmuskip=\muskip18
Package: url 2013/09/16  ver 3.4  Verb mode for urls, etc.
)
LaTeX Info: Redefining \url on input line 4763.
\XeTeXLinkMargin=\dimen173
 (/usr/local/texlive/2025/texmf-dist/tex/generic/bitset/bitset.sty
Package: bitset 2019/12/09 v1.3 Handle bit-vector datatype (HO)
 (/usr/local/texlive/2025/texmf-dist/tex/generic/bigintcalc/bigintcalc.sty
Package: bigintcalc 2019/12/15 v1.5 Expandable calculations on big integers (HO)
))
\Fld@menulength=\count293
\Field@Width=\dimen174
\Fld@charsize=\dimen175
Package hyperref Info: Hyper figures OFF on input line 6042.
Package hyperref Info: Link nesting OFF on input line 6047.
Package hyperref Info: Hyper index ON on input line 6050.
Package hyperref Info: backreferencing OFF on input line 6057.
Package hyperref Info: Link coloring OFF on input line 6062.
Package hyperref Info: Link coloring with OCG OFF on input line 6067.
Package hyperref Info: PDF/A mode OFF on input line 6072.
 (/usr/local/texlive/2025/texmf-dist/tex/latex/base/atbegshi-ltx.sty
Package: atbegshi-ltx 2021/01/10 v1.0c Emulation of the original atbegshi
package with kernel methods
)
\Hy@abspage=\count294
\c@Item=\count295
\c@Hfootnote=\count296
)
Package hyperref Info: Driver (autodetected): hxetex.
 (/usr/local/texlive/2025/texmf-dist/tex/latex/hyperref/hxetex.def
File: hxetex.def 2024-11-05 v7.01l Hyperref driver for XeTeX
\pdfm@box=\box56
\c@Hy@AnnotLevel=\count297
\HyField@AnnotCount=\count298
\Fld@listcount=\count299
\c@bookmark@seq@number=\count300
 (/usr/local/texlive/2025/texmf-dist/tex/latex/rerunfilecheck/rerunfilecheck.sty
Package: rerunfilecheck 2022-07-10 v1.10 Rerun checks for auxiliary files (HO)
 (/usr/local/texlive/2025/texmf-dist/tex/latex/base/atveryend-ltx.sty
Package: atveryend-ltx 2020/08/19 v1.0a Emulation of the original atveryend package
with kernel methods
) (/usr/local/texlive/2025/texmf-dist/tex/generic/uniquecounter/uniquecounter.sty
Package: uniquecounter 2019/12/15 v1.4 Provide unlimited unique counter (HO)
)
Package uniquecounter Info: New unique counter `rerunfilecheck' on input line 285.
)
\Hy@SectionHShift=\skip73
) (/usr/local/texlive/2025/texmf-dist/tex/latex/lineno/lineno.sty
Package: lineno 2025/01/29 line numbers on paragraphs v5.4
\linenopenalty=\count301
\output=\toks35
\linenoprevgraf=\count302
\linenumbersep=\dimen176
\linenumberwidth=\dimen177
\c@linenumber=\count303
\c@pagewiselinenumber=\count304
\c@LN@truepage=\count305
\c@internallinenumber=\count306
\c@internallinenumbers=\count307
\quotelinenumbersep=\dimen178
\bframerule=\dimen179
\bframesep=\dimen180
\bframebox=\box57
\@LN@amsmath@ams@eqpen=\count308
LaTeX Info: Redefining \\ on input line 3187.
) (/usr/local/texlive/2025/texmf-dist/tex/latex/algorithms/algorithm.sty
Invalid UTF-8 byte or sequence at line 11 replaced by U+FFFD.
Package: algorithm 2009/08/24 v0.1 Document Style `algorithm' - floating environment
 (/usr/local/texlive/2025/texmf-dist/tex/latex/base/ifthen.sty
Package: ifthen 2024/03/16 v1.1e Standard LaTeX ifthen package (DPC)
)
\@float@every@algorithm=\toks36
\c@algorithm=\count309
) (/usr/local/texlive/2025/texmf-dist/tex/latex/algorithms/algorithmic.sty
Invalid UTF-8 byte or sequence at line 11 replaced by U+FFFD.
Package: algorithmic 2009/08/24 v0.1 Document Style `algorithmic'
\c@ALC@unique=\count310
\c@ALC@line=\count311
\c@ALC@rem=\count312
\c@ALC@depth=\count313
\ALC@tlm=\skip74
\algorithmicindent=\skip75
) (/usr/local/texlive/2025/texmf-dist/tex/latex/graphics/color.sty
Package: color 2024/06/23 v1.3e Standard LaTeX Color (DPC)
 (/usr/local/texlive/2025/texmf-dist/tex/latex/graphics-cfg/color.cfg
File: color.cfg 2016/01/02 v1.6 sample color configuration
)
Package color Info: Driver file: xetex.def on input line 149.
 (/usr/local/texlive/2025/texmf-dist/tex/latex/graphics/mathcolor.ltx)) (/usr/local/texlive/2025/texmf-dist/tex/latex/xcolor/xcolor.sty
Package: xcolor 2024/09/29 v3.02 LaTeX color extensions (UK)
 (/usr/local/texlive/2025/texmf-dist/tex/latex/graphics-cfg/color.cfg
File: color.cfg 2016/01/02 v1.6 sample color configuration
)
Package xcolor Info: Driver file: xetex.def on input line 274.
LaTeX Info: Redefining \color on input line 762.
 (/usr/local/texlive/2025/texmf-dist/tex/latex/graphics/mathcolor.ltx)
Package xcolor Info: Model `cmy' substituted by `cmy0' on input line 1349.
Package xcolor Info: Model `RGB' extended on input line 1365.
Package xcolor Info: Model `HTML' substituted by `rgb' on input line 1367.
Package xcolor Info: Model `Hsb' substituted by `hsb' on input line 1368.
Package xcolor Info: Model `tHsb' substituted by `hsb' on input line 1369.
Package xcolor Info: Model `HSB' substituted by `hsb' on input line 1370.
Package xcolor Info: Model `Gray' substituted by `gray' on input line 1371.
Package xcolor Info: Model `wave' substituted by `hsb' on input line 1372.
) (/usr/local/texlive/2025/texmf-dist/tex/latex/mathtools/mathtools.sty
Package: mathtools 2024/10/04 v1.31 mathematical typesetting tools
 (/usr/local/texlive/2025/texmf-dist/tex/latex/tools/calc.sty
Package: calc 2023/07/08 v4.3 Infix arithmetic (KKT,FJ)
\calc@Acount=\count314
\calc@Bcount=\count315
\calc@Adimen=\dimen181
\calc@Bdimen=\dimen182
\calc@Askip=\skip76
\calc@Bskip=\skip77
LaTeX Info: Redefining \setlength on input line 80.
LaTeX Info: Redefining \addtolength on input line 81.
\calc@Ccount=\count316
\calc@Cskip=\skip78
) (/usr/local/texlive/2025/texmf-dist/tex/latex/mathtools/mhsetup.sty
Package: mhsetup 2021/03/18 v1.4 programming setup (MH)
)
\g_MT_multlinerow_int=\count317
\l_MT_multwidth_dim=\dimen183
\origjot=\skip79
\l_MT_shortvdotswithinadjustabove_dim=\dimen184
\l_MT_shortvdotswithinadjustbelow_dim=\dimen185
\l_MT_above_intertext_sep=\dimen186
\l_MT_below_intertext_sep=\dimen187
\l_MT_above_shortintertext_sep=\dimen188
\l_MT_below_shortintertext_sep=\dimen189
\xmathstrut@box=\box58
\xmathstrut@dim=\dimen190
) (/usr/local/texlive/2025/texmf-dist/tex/generic/ulem/ulem.sty
\UL@box=\box59
\UL@hyphenbox=\box60
\UL@skip=\skip80
\UL@hook=\toks37
\UL@height=\dimen191
\UL@pe=\count318
\UL@pixel=\dimen192
\ULC@box=\box61
Package: ulem 2019/11/18
\ULdepth=\dimen193
)
\c@theorem=\count319
\c@remark=\count320
 (/usr/local/texlive/2025/texmf-dist/tex/latex/threeparttable/threeparttable.sty
Package: threeparttable 2003/06/13  v 3.0
\@tempboxb=\box62
) (/usr/local/texlive/2025/texmf-dist/tex/latex/tools/dcolumn.sty
Package: dcolumn 2023/07/08 v1.06 decimal alignment package (DPC)
 (/usr/local/texlive/2025/texmf-dist/tex/latex/tools/array.sty
Package: array 2024/10/17 v2.6g Tabular extension package (FMi)
\col@sep=\dimen194
\ar@mcellbox=\box63
\extrarowheight=\dimen195
\NC@list=\toks38
\extratabsurround=\skip81
\backup@length=\skip82
\ar@cellbox=\box64
)) (/usr/local/texlive/2025/texmf-dist/tex/latex/booktabs/booktabs.sty
Package: booktabs 2020/01/12 v1.61803398 Publication quality tables
\heavyrulewidth=\dimen196
\lightrulewidth=\dimen197
\cmidrulewidth=\dimen198
\belowrulesep=\dimen199
\belowbottomsep=\dimen256
\aboverulesep=\dimen257
\abovetopsep=\dimen258
\cmidrulesep=\dimen259
\cmidrulekern=\dimen260
\defaultaddspace=\dimen261
\@cmidla=\count321
\@cmidlb=\count322
\@aboverulesep=\dimen262
\@belowrulesep=\dimen263
\@thisruleclass=\count323
\@lastruleclass=\count324
\@thisrulewidth=\dimen264
) (/usr/local/texlive/2025/texmf-dist/tex/latex/tools/indentfirst.sty
Package: indentfirst 2023/07/02 v1.03 Indent first paragraph (DPC)
) (/usr/local/texlive/2025/texmf-dist/tex/latex/setspace/setspace.sty
Package: setspace 2022/12/04 v6.7b set line spacing
) (/usr/local/texlive/2025/texmf-dist/tex/latex/tools/bm.sty
Package: bm 2023/12/19 v1.2f Bold Symbol Support (DPC/FMi)
\symboldoperators=\mathgroup7
\symboldletters=\mathgroup8
\symboldsymbols=\mathgroup9
Package bm Info: No bold for \OMX/cmex/m/n, using \pmb.
Package bm Info: No bold for \U/msa/m/n, using \pmb.
Package bm Info: No bold for \U/msb/m/n, using \pmb.
Package bm Info: No bold for \U/rsfs/m/n, using \pmb.
LaTeX Font Info:    Redeclaring math alphabet \mathbf on input line 149.
) (/usr/local/texlive/2025/texmf-dist/tex/latex/tools/enumerate.sty
Package: enumerate 2023/07/04 v3.00 enumerate extensions (DPC)
\@enLab=\toks39
) (/usr/local/texlive/2025/texmf-dist/tex/latex/diagbox/diagbox.sty
Package: diagbox 2020/02/09 v2.3 Making table heads with diagonal lines
 (/usr/local/texlive/2025/texmf-dist/tex/latex/pict2e/pict2e.sty
Package: pict2e 2020/09/30 v0.4b Improved picture commands (HjG,RN,JT)
 (/usr/local/texlive/2025/texmf-dist/tex/latex/pict2e/pict2e.cfg
File: pict2e.cfg 2016/02/05 v0.1u pict2e configuration for teTeX/TeXLive
)
Package pict2e Info: Driver file: xetex.def on input line 112.
Package pict2e Info: Driver file for pict2e: p2e-xetex.def on input line 114.
 (/usr/local/texlive/2025/texmf-dist/tex/latex/pict2e/p2e-xetex.def
File: p2e-xetex.def 2016/02/05 v0.1u Driver-dependant file (RN,HjG,JT)
)
\pIIe@GRAPH=\toks40
\@arclen=\dimen265
\@arcrad=\dimen266
\pIIe@tempdima=\dimen267
\pIIe@tempdimb=\dimen268
\pIIe@tempdimc=\dimen269
\pIIe@tempdimd=\dimen270
\pIIe@tempdime=\dimen271
\pIIe@tempdimf=\dimen272
)
\diagbox@boxa=\box65
\diagbox@boxb=\box66
\diagbox@boxm=\box67
\diagbox@wd=\dimen273
\diagbox@ht=\dimen274
\diagbox@insepl=\dimen275
\diagbox@insepr=\dimen276
\diagbox@outsepl=\dimen277
\diagbox@outsepr=\dimen278
) (/usr/local/texlive/2025/texmf-dist/tex/latex/preprint/authblk.sty
Package: authblk 2001/02/27 1.3 (PWD)
\affilsep=\skip83
\@affilsep=\skip84
\c@Maxaffil=\count325
\c@authors=\count326
\c@affil=\count327
)
\c@example=\count328
 (/usr/local/texlive/2025/texmf-dist/tex/latex/l3backend/l3backend-xetex.def
File: l3backend-xetex.def 2024-05-08 L3 backend support: XeTeX
\g__graphics_track_int=\count329
\l__pdf_internal_box=\box68
\g__pdf_backend_annotation_int=\count330
\g__pdf_backend_link_int=\count331
) (./main.aux)
\openout1 = `main.aux'.

LaTeX Font Info:    Checking defaults for OML/cmm/m/it on input line 69.
LaTeX Font Info:    ... okay on input line 69.
LaTeX Font Info:    Checking defaults for OMS/cmsy/m/n on input line 69.
LaTeX Font Info:    ... okay on input line 69.
LaTeX Font Info:    Checking defaults for OT1/cmr/m/n on input line 69.
LaTeX Font Info:    ... okay on input line 69.
LaTeX Font Info:    Checking defaults for T1/cmr/m/n on input line 69.
LaTeX Font Info:    ... okay on input line 69.
LaTeX Font Info:    Checking defaults for TS1/cmr/m/n on input line 69.
LaTeX Font Info:    ... okay on input line 69.
LaTeX Font Info:    Checking defaults for TU/lmr/m/n on input line 69.
LaTeX Font Info:    ... okay on input line 69.
LaTeX Font Info:    Checking defaults for OMX/cmex/m/n on input line 69.
LaTeX Font Info:    ... okay on input line 69.
LaTeX Font Info:    Checking defaults for U/cmr/m/n on input line 69.
LaTeX Font Info:    ... okay on input line 69.
LaTeX Font Info:    Checking defaults for PD1/pdf/m/n on input line 69.
LaTeX Font Info:    ... okay on input line 69.
LaTeX Font Info:    Checking defaults for PU/pdf/m/n on input line 69.
LaTeX Font Info:    ... okay on input line 69.

*geometry* driver: auto-detecting
*geometry* detected driver: xetex
*geometry* verbose mode - [ preamble ] result:
* driver: xetex
* paper: a4paper
* layout: <same size as paper>
* layoutoffset:(h,v)=(0.0pt,0.0pt)
* modes: 
* h-part:(L,W,R)=(85.35826pt, 426.79135pt, 85.35826pt)
* v-part:(T,H,B)=(85.35826pt, 660.10394pt, 99.58464pt)
* \paperwidth=597.50787pt
* \paperheight=845.04684pt
* \textwidth=426.79135pt
* \textheight=660.10394pt
* \oddsidemargin=13.08827pt
* \evensidemargin=13.08827pt
* \topmargin=-23.91173pt
* \headheight=12.0pt
* \headsep=25.0pt
* \topskip=10.0pt
* \footskip=30.0pt
* \marginparwidth=65.0pt
* \marginparsep=11.0pt
* \columnsep=10.0pt
* \skip\footins=9.0pt plus 4.0pt minus 2.0pt
* \hoffset=0.0pt
* \voffset=0.0pt
* \mag=1000
* \@twocolumnfalse
* \@twosidefalse
* \@mparswitchfalse
* \@reversemarginfalse
* (1in=72.27pt=25.4mm, 1cm=28.453pt)

Package caption Info: Begin \AtBeginDocument code.
Package caption Info: hyperref package is loaded.
Package caption Info: threeparttable package is loaded.
Package caption Info: End \AtBeginDocument code.
Package hyperref Info: Link coloring OFF on input line 69.
(./main.out) (./main.out)
\@outlinefile=\write3
\openout3 = `main.out'.

LaTeX Font Info:    Trying to load font information for U+msa on input line 71.
 (/usr/local/texlive/2025/texmf-dist/tex/latex/amsfonts/umsa.fd
File: umsa.fd 2013/01/14 v3.01 AMS symbols A
)
LaTeX Font Info:    Trying to load font information for U+msb on input line 71.
 (/usr/local/texlive/2025/texmf-dist/tex/latex/amsfonts/umsb.fd
File: umsb.fd 2013/01/14 v3.01 AMS symbols B
)
LaTeX Font Info:    Trying to load font information for U+rsfs on input line 71.
 (/usr/local/texlive/2025/texmf-dist/tex/latex/jknapltx/ursfs.fd
File: ursfs.fd 1998/03/24 rsfs font definition file (jk)
)

LaTeX Warning: Citation `albanese2006medical1' on page 1 undefined on input line 81.


LaTeX Warning: Citation `arridge1999medical2' on page 1 undefined on input line 81.


LaTeX Warning: Citation `fokas2004medical3' on page 1 undefined on input line 81.


LaTeX Warning: Citation `anastasio2007application' on page 1 undefined on input line 81.


LaTeX Warning: Citation `devaney2007inverse' on page 1 undefined on input line 81.


LaTeX Warning: Citation `ramm1999multidimensional' on page 1 undefined on input line 81.


LaTeX Warning: Citation `stefanov2009thermoacoustic' on page 1 undefined on input line 81.


LaTeX Warning: Citation `bojarski1973inverse' on page 1 undefined on input line 81.


LaTeX Warning: Citation `lin2011helmholtz' on page 1 undefined on input line 81.



[1

]

LaTeX Warning: Citation `Imageformation' on page 2 undefined on input line 93.


LaTeX Warning: Citation `diffraction' on page 2 undefined on input line 93.


LaTeX Warning: Citation `bojarski1973inverse' on page 2 undefined on input line 93.


LaTeX Warning: Citation `bleistein1977nonuniqueness' on page 2 undefined on input line 107.


LaTeX Warning: Citation `isakov1990inverse' on page 2 undefined on input line 107.


LaTeX Warning: Citation `bao2010multi' on page 2 undefined on input line 107.


LaTeX Warning: Citation `bao2011numerical' on page 2 undefined on input line 110.


LaTeX Warning: Citation `eller2009acoustic' on page 2 undefined on input line 110.


LaTeX Warning: Citation `zhang2015fourier' on page 2 undefined on input line 110.


LaTeX Warning: Citation `raissi2019physics' on page 2 undefined on input line 112.


LaTeX Warning: Citation `sirignano2018dgm' on page 2 undefined on input line 112.


LaTeX Warning: Citation `ew2018ritz' on page 2 undefined on input line 112.


LaTeX Warning: Citation `jagtap2020extended' on page 2 undefined on input line 112.


LaTeX Warning: Citation `kharazmi2021hp' on page 2 undefined on input line 112.


LaTeX Warning: Citation `LiaoMing2021DeepNitsche' on page 2 undefined on input line 112.


LaTeX Warning: Citation `YuZhang2025NaturalDeep' on page 2 undefined on input line 112.


LaTeX Warning: Citation `sheng2024MC-fPINNs' on page 2 undefined on input line 115.


LaTeX Warning: Citation `rahaman2019spectral' on page 2 undefined on input line 115.


LaTeX Warning: Citation `xu2019frequency' on page 2 undefined on input line 115.



[2]

LaTeX Warning: Citation `lin2023bi' on page 3 undefined on input line 120.


LaTeX Warning: Citation `dong2021local' on page 3 undefined on input line 120.


LaTeX Warning: Citation `wang2024extreme' on page 3 undefined on input line 120.


LaTeX Warning: Citation `chen2022bridging' on page 3 undefined on input line 120.


LaTeX Warning: Citation `chen2022bridging' on page 3 undefined on input line 120.


LaTeX Warning: Citation `dwivedi2020physics' on page 3 undefined on input line 120.


LaTeX Warning: Citation `chen2022bridging' on page 3 undefined on input line 120.


LaTeX Warning: Citation `chi2024random' on page 3 undefined on input line 120.


LaTeX Warning: Citation `deng2025adaptive' on page 3 undefined on input line 120.


LaTeX Warning: Citation `gui1986h1' on page 3 undefined on input line 120.


LaTeX Warning: Citation `gui1986h2' on page 3 undefined on input line 120.


LaTeX Warning: Citation `babuska1981p' on page 3 undefined on input line 120.


LaTeX Warning: Citation `babuvska1990p' on page 3 undefined on input line 120.


LaTeX Warning: Citation `mclean2000elliptic' on page 3 undefined on input line 120.


LaTeX Warning: Citation `zegeling1998r' on page 3 undefined on input line 120.



[3]

LaTeX Warning: Citation `eller2009acoustic' on page 4 undefined on input line 137.


LaTeX Warning: Citation `bao2010multi' on page 4 undefined on input line 137.


LaTeX Warning: Citation `bleistein1977nonuniqueness' on page 4 undefined on input line 137.


LaTeX Warning: Citation `bao2010multi' on page 4 undefined on input line 138.



[4]

LaTeX Warning: Citation `ShenWang2007AnalysisSpectralGalerkin' on page 5 undefined on input line 169.


LaTeX Warning: Citation `ShenWang2007AnalysisSpectralGalerkin' on page 5 undefined on input line 176.


Overfull \hbox (19.93759pt too wide) in paragraph at lines 192--195
\TU/lmr/m/n/10 where $\OML/cmm/m/it/10 ^^W\OT1/cmr/m/n/10 (\OML/cmm/b/it/10 x\OT1/cmr/m/n/10 )$ \TU/lmr/m/n/10 represents the normal derivative. Denote $\OML/cmm/m/it/10 L[] \OT1/cmr/m/n/10 = (\OML/cmm/m/it/10 L[]; L[]\OT1/cmr/m/n/10 )[]$\TU/lmr/m/n/10 , $\OML/cmm/m/it/10 g\OT1/cmr/m/n/10 (\OML/cmm/b/it/10 x\OML/cmm/m/it/10 ; k\OT1/cmr/m/n/10 ) = (\OML/cmm/m/it/10 u\OT1/cmr/m/n/10 (\OML/cmm/b/it/10 x\OML/cmm/m/it/10 ; k\OT1/cmr/m/n/10 )\OML/cmm/m/it/10 ; @[]u\OT1/cmr/m/n/10 (\OML/cmm/b/it/10 x\OML/cmm/m/it/10 ; k\OT1/cmr/m/n/10 ))[]$\TU/lmr/m/n/10 ,
 []



[5]

[6]
Underfull \hbox (badness 10000) in paragraph at lines 279--280

 []



[7]
Overfull \hbox (2.94142pt too wide) in paragraph at lines 339--341
\TU/lmr/m/n/10 This approach needs $\OML/cmm/m/it/10 N \OT1/cmr/m/n/10 + 1$ \TU/lmr/m/n/10 neural networks to approximate the field and the source $\OMS/cmsy/m/n/10 ff\OML/cmm/m/it/10 u[]\OMS/cmsy/m/n/10 g[]\OML/cmm/m/it/10 ; S[]\OMS/cmsy/m/n/10 g$\TU/lmr/m/n/10 .
 []



[8]
Package hyperref Info: bookmark level for unknown algorithm defaults to 0 on input line 379.


[9]
File: figs/process_flowchart1.pdf Graphic file (type pdf)
<use figs/process_flowchart1.pdf>


[10]

LaTeX Warning: Citation `EsterKX1996DensitybasedAlgorithm' on page 11 undefined on input line 471.



[11]
File: figs/Morphology_function_surface_plot_circle.pdf Graphic file (type pdf)
<use figs/Morphology_function_surface_plot_circle.pdf>
File: figs/Morphology_function_surface_plot_rec.pdf Graphic file (type pdf)
<use figs/Morphology_function_surface_plot_rec.pdf>
File: figs/Morphology_function_surface_plot_relu.pdf Graphic file (type pdf)
<use figs/Morphology_function_surface_plot_relu.pdf>
File: figs/Morphology_function_surface_plot_bean.pdf Graphic file (type pdf)
<use figs/Morphology_function_surface_plot_bean.pdf>


[12]

[13]

[14]
Underfull \hbox (badness 10000) in paragraph at lines 715--726
[] []\TU/lmr/m/n/10 Get disjoint cluster $\OMS/cmsy/m/n/10 f\OML/cmm/m/it/10 C[]\OMS/cmsy/m/n/10 g[]$ \TU/lmr/m/n/10 and new basis functions using Algorithm []2[],
 []


Underfull \hbox (badness 10000) in paragraph at lines 743--744

 []


Underfull \hbox (badness 10000) in paragraph at lines 745--746

 []



[15]

LaTeX Warning: Citation `hansen1992L-curve' on page 16 undefined on input line 767.


Underfull \hbox (badness 10000) in paragraph at lines 790--793

 []

File: figs/theorem_validation_theorem.pdf Graphic file (type pdf)
<use figs/theorem_validation_theorem.pdf>


[16]
File: figs/theorem_validation_S_star_last.pdf Graphic file (type pdf)
<use figs/theorem_validation_S_star_last.pdf>
File: figs/theorem_validation_S_num_last.pdf Graphic file (type pdf)
<use figs/theorem_validation_S_num_last.pdf>
File: figs/theorem_validation_l2_S.pdf Graphic file (type pdf)
<use figs/theorem_validation_l2_S.pdf>


LaTeX Warning: Citation `zhang2015fourier' on page 17 undefined on input line 829.


LaTeX Warning: Citation `zhang2015fourier' on page 17 undefined on input line 836.


Underfull \hbox (badness 10000) in paragraph at lines 835--838

 []


Underfull \hbox (badness 10000) in paragraph at lines 839--842

 []



[17]
File: figs/PINN_S_num.pdf Graphic file (type pdf)
<use figs/PINN_S_num.pdf>
File: figs/PINN_1d.pdf Graphic file (type pdf)
<use figs/PINN_1d.pdf>
File: figs/continuous_source_S_true.pdf Graphic file (type pdf)
<use figs/continuous_source_S_true.pdf>
File: figs/continuous_source_S_num_10.pdf Graphic file (type pdf)
<use figs/continuous_source_S_num_10.pdf>
File: figs/continuous_source_abs_S.pdf Graphic file (type pdf)
<use figs/continuous_source_abs_S.pdf>


[18]
Underfull \hbox (badness 10000) in paragraph at lines 946--947

 []


Underfull \hbox (badness 10000) in paragraph at lines 953--959

 []



[19]
Overfull \hbox (11.46274pt too wide) in paragraph at lines 994--1007
 [][] 
 []

File: figs/one_circle_constant_mesh.pdf Graphic file (type pdf)
<use figs/one_circle_constant_mesh.pdf>
File: figs/one_circle_constant_detect.pdf Graphic file (type pdf)
<use figs/one_circle_constant_detect.pdf>
File: figs/one_circle_constant_L_curve.pdf Graphic file (type pdf)
<use figs/one_circle_constant_L_curve.pdf>
File: figs/one_circle_constant_S_exact.pdf Graphic file (type pdf)
<use figs/one_circle_constant_S_exact.pdf>
File: figs/one_circle_constant_S_num.pdf Graphic file (type pdf)
<use figs/one_circle_constant_S_num.pdf>
File: figs/one_circle_constant_abs_S.pdf Graphic file (type pdf)
<use figs/one_circle_constant_abs_S.pdf>

Underfull \hbox (badness 10000) in paragraph at lines 1055--1057

 []



[20]
Underfull \hbox (badness 10000) in paragraph at lines 1065--1068

 []


Overfull \hbox (16.51274pt too wide) in paragraph at lines 1077--1093
 [][] 
 []

File: figs/two_circle_nonconstant_mesh_evo_detect1.pdf Graphic file (type pdf)
<use figs/two_circle_nonconstant_mesh_evo_detect1.pdf>
File: figs/two_circle_nonconstant_S_true.pdf Graphic file (type pdf)
<use figs/two_circle_nonconstant_S_true.pdf>
File: figs/two_circle_nonconstant_S_num_10.pdf Graphic file (type pdf)
<use figs/two_circle_nonconstant_S_num_10.pdf>
File: figs/two_circle_nonconstant_abs_S.pdf Graphic file (type pdf)
<use figs/two_circle_nonconstant_abs_S.pdf>


[21]

[22]
Underfull \hbox (badness 10000) in paragraph at lines 1139--1142

 []

File: figs/one_circle_one_rec_mesh_evo_detect1.pdf Graphic file (type pdf)
<use figs/one_circle_one_rec_mesh_evo_detect1.pdf>
File: figs/one_circle_one_rec_S_exact.pdf Graphic file (type pdf)
<use figs/one_circle_one_rec_S_exact.pdf>
File: figs/one_circle_one_rec_S_num.pdf Graphic file (type pdf)
<use figs/one_circle_one_rec_S_num.pdf>
File: figs/one_circle_one_rec_abs_S.pdf Graphic file (type pdf)
<use figs/one_circle_one_rec_abs_S.pdf>

Overfull \hbox (11.86273pt too wide) in paragraph at lines 1205--1221
 [][] 
 []



[23]
Underfull \hbox (badness 10000) in paragraph at lines 1257--1259

 []



[24]
File: figs/kidney_mesh.pdf Graphic file (type pdf)
<use figs/kidney_mesh.pdf>
File: figs/kidney_value.pdf Graphic file (type pdf)
<use figs/kidney_value.pdf>
File: figs/kidney_scale_boundary.pdf Graphic file (type pdf)
<use figs/kidney_scale_boundary.pdf>
File: figs/kidney_S_true.pdf Graphic file (type pdf)
<use figs/kidney_S_true.pdf>
File: figs/kidney_S_num.pdf Graphic file (type pdf)
<use figs/kidney_S_num.pdf>
File: figs/kidney_abs_S.pdf Graphic file (type pdf)
<use figs/kidney_abs_S.pdf>

Overfull \hbox (21.94164pt too wide) detected at line 1312
[]
 []


Underfull \hbox (badness 10000) in paragraph at lines 1314--1315

 []



[25]
File: figs/irregular_cells_and_enhance_centers.pdf Graphic file (type pdf)
<use figs/irregular_cells_and_enhance_centers.pdf>
File: figs/irregular_num_idx4.pdf Graphic file (type pdf)
<use figs/irregular_num_idx4.pdf>
File: figs/irregular_true_source.pdf Graphic file (type pdf)
<use figs/irregular_true_source.pdf>
File: figs/3d_plot_3d_x.pdf Graphic file (type pdf)
<use figs/3d_plot_3d_x.pdf>
File: figs/3d_plot_3d_y.pdf Graphic file (type pdf)
<use figs/3d_plot_3d_y.pdf>
File: figs/3d_plot_3d_z.pdf Graphic file (type pdf)
<use figs/3d_plot_3d_z.pdf>
File: figs/3d_S_num_1D_x1.pdf Graphic file (type pdf)
<use figs/3d_S_num_1D_x1.pdf>
File: figs/3d_S_num_1D_x2.pdf Graphic file (type pdf)
<use figs/3d_S_num_1D_x2.pdf>
File: figs/3d_S_num_1D_x3.pdf Graphic file (type pdf)
<use figs/3d_S_num_1D_x3.pdf>


[26]
Underfull \hbox (badness 10000) in paragraph at lines 1405--1406

 []

File: figs/3d_S_true_x1_mid.pdf Graphic file (type pdf)
<use figs/3d_S_true_x1_mid.pdf>
File: figs/3d_S_num_x1_mid.pdf Graphic file (type pdf)
<use figs/3d_S_num_x1_mid.pdf>
File: figs/3d_abs_S_x1.pdf Graphic file (type pdf)
<use figs/3d_abs_S_x1.pdf>
File: figs/3d_S_true_x2_mid.pdf Graphic file (type pdf)
<use figs/3d_S_true_x2_mid.pdf>
File: figs/3d_S_num_x2_mid.pdf Graphic file (type pdf)
<use figs/3d_S_num_x2_mid.pdf>
File: figs/3d_abs_S_x2.pdf Graphic file (type pdf)
<use figs/3d_abs_S_x2.pdf>


[27]
File: figs/donut_plot_3d_tily.pdf Graphic file (type pdf)
<use figs/donut_plot_3d_tily.pdf>
File: figs/donut_plot_3d_top.pdf Graphic file (type pdf)
<use figs/donut_plot_3d_top.pdf>
File: figs/donut_plot_3d_straight.pdf Graphic file (type pdf)
<use figs/donut_plot_3d_straight.pdf>
File: figs/donut_plot_3d_tily1.pdf Graphic file (type pdf)
<use figs/donut_plot_3d_tily1.pdf>
File: figs/donut_plot_3d_top1.pdf Graphic file (type pdf)
<use figs/donut_plot_3d_top1.pdf>
File: figs/donut_plot_3d_straight1.pdf Graphic file (type pdf)
<use figs/donut_plot_3d_straight1.pdf>
File: figs/donut_S_num_x1_mid.pdf Graphic file (type pdf)
<use figs/donut_S_num_x1_mid.pdf>
File: figs/donut_S_num_x2_mid.pdf Graphic file (type pdf)
<use figs/donut_S_num_x2_mid.pdf>
File: figs/donut_S_num_x3_mid.pdf Graphic file (type pdf)
<use figs/donut_S_num_x3_mid.pdf>


[28]
Underfull \hbox (badness 10000) in paragraph at lines 1515--1518

 []

File: figs/limited_aperture_S_num_1_4.pdf Graphic file (type pdf)
<use figs/limited_aperture_S_num_1_4.pdf>
File: figs/limited_aperture_S_num_1_2.pdf Graphic file (type pdf)
<use figs/limited_aperture_S_num_1_2.pdf>
File: figs/limited_aperture_S_num_3_4.pdf Graphic file (type pdf)
<use figs/limited_aperture_S_num_3_4.pdf>
File: figs/limited_aperture_S_num_1.pdf Graphic file (type pdf)
<use figs/limited_aperture_S_num_1.pdf>


[29]
Overfull \hbox (11.51868pt too wide) in paragraph at lines 1571--1574
\TU/lmr/m/n/10 the Strategic Priority Research Program of the Chinese Academy of Sciences (grant no. XDA0480504),
 []


LaTeX Warning: Citation `mclean2000elliptic' on page 30 undefined on input line 1581.


LaTeX Warning: Citation `hedenmalm2015Holmgren' on page 30 undefined on input line 1581.



[30]

[31]

[32]
No file main.bbl.


[33] (./main.aux)
 ***********
LaTeX2e <2024-11-01> patch level 2
L3 programming layer <2025-01-18>
 ***********


LaTeX Warning: There were undefined references.

Package rerunfilecheck Info: File `main.out' has not changed.
(rerunfilecheck)             Checksum: EC4BA61FCE40CF9CCDA651D93DCB33C2;3988.
 )
(\end occurred inside a group at level 1)

### simple group (level 1) entered at line 530 ({)
### bottom level 
Here is how much of TeX's memory you used:
 15473 strings out of 473832
 261446 string characters out of 5729482
 671529 words of memory out of 5000000
 38198 multiletter control sequences out of 15000+600000
 574945 words of font info for 117 fonts, out of 8000000 for 9000
 1348 hyphenation exceptions out of 8191
 72i,19n,79p,2515b,793s stack positions out of 10000i,1000n,20000p,200000b,200000s

Output written on main.pdf (33 pages).
